MPLINK 5.09, LINKER
Linker Map File - Created Tue Dec 10 00:17:53 2019

                                 Section Info
                  Section       Type    Address   Location Size(Bytes)
                ---------  ---------  ---------  ---------  ---------
             RESET_VECTOR       code   0x000000    program   0x000008
               INT_VECTOR       code   0x000004    program   0x000026
                   .cinit    romdata   0x000017    program   0x000004
                MAIN_PROG       code   0x000019    program   0x00096c
                    Motor       code   0x0004cf    program   0x000024
.config_2007_BUILD/DEFAULT/PRODUCTION/FINAL.O       code   0x002007    program   0x000002
                 TEMP_VAR      udata   0x000020       data   0x000018
                   G_DATA      udata   0x000038       data   0x000002
                  INT_VAR      udata   0x000070       data   0x000009



                              Program Memory Usage 
                               Start         End      
                           ---------   ---------      
                            0x000000    0x0004e0      
                            0x002007    0x002007      
            1250 out of 8454 program addresses used, program memory utilization is 14%



                              Symbols - Sorted by Name
                     Name    Address   Location    Storage File                     
                ---------  ---------  ---------  --------- ---------                
                 ExitLoop   0x000047    program     static /home/sab/MPLABXProjects/final_project.X/final.asm
                INTERRUPT   0x000004    program     static /home/sab/MPLABXProjects/final_project.X/final.asm
                Key_Table   0x0002f3    program     static /home/sab/MPLABXProjects/final_project.X/final.asm
                  LCDInit   0x0003d3    program     extern ../../Documents/Microprocessors/LCDSubroutines.asm
                LCDLine_1   0x0003c1    program     extern ../../Documents/Microprocessors/LCDSubroutines.asm
                LCDLine_2   0x0003ca    program     extern ../../Documents/Microprocessors/LCDSubroutines.asm
               Msg_Lookup   0x0002ff    program     static /home/sab/MPLABXProjects/final_project.X/final.asm
                Msg_Table   0x000309    program     static /home/sab/MPLABXProjects/final_project.X/final.asm
          _MAIN_PROG_0022   0x00035d    program     static ../../Documents/Microprocessors/LCDSubroutines.asm
          _MAIN_PROG_002B   0x000366    program     static ../../Documents/Microprocessors/LCDSubroutines.asm
          _MAIN_PROG_0034   0x00036f    program     static ../../Documents/Microprocessors/LCDSubroutines.asm
          _MAIN_PROG_003D   0x000378    program     static ../../Documents/Microprocessors/LCDSubroutines.asm
          _MAIN_PROG_0046   0x000381    program     static ../../Documents/Microprocessors/LCDSubroutines.asm
          _MAIN_PROG_005A   0x000395    program     static ../../Documents/Microprocessors/LCDSubroutines.asm
          _MAIN_PROG_0063   0x00039e    program     static ../../Documents/Microprocessors/LCDSubroutines.asm
          _MAIN_PROG_006C   0x0003a7    program     static ../../Documents/Microprocessors/LCDSubroutines.asm
          _MAIN_PROG_0075   0x0003b0    program     static ../../Documents/Microprocessors/LCDSubroutines.asm
          _MAIN_PROG_007E   0x0003b9    program     static ../../Documents/Microprocessors/LCDSubroutines.asm
          _MAIN_PROG_00C6   0x000401    program     static ../../Documents/Microprocessors/LCDSubroutines.asm
          _MAIN_PROG_00CF   0x00040a    program     static ../../Documents/Microprocessors/LCDSubroutines.asm
          _MAIN_PROG_00D8   0x000413    program     static ../../Documents/Microprocessors/LCDSubroutines.asm
          _MAIN_PROG_00E1   0x00041c    program     static ../../Documents/Microprocessors/LCDSubroutines.asm
          _MAIN_PROG_00EA   0x000425    program     static ../../Documents/Microprocessors/LCDSubroutines.asm
          _MAIN_PROG_00F3   0x00042e    program     static ../../Documents/Microprocessors/LCDSubroutines.asm
          _MAIN_PROG_00FC   0x000437    program     static ../../Documents/Microprocessors/LCDSubroutines.asm
          _MAIN_PROG_0105   0x000440    program     static ../../Documents/Microprocessors/LCDSubroutines.asm
          _MAIN_PROG_0111   0x00044c    program     static ../../Documents/Microprocessors/LCDSubroutines.asm
          _MAIN_PROG_011A   0x000455    program     static ../../Documents/Microprocessors/LCDSubroutines.asm
          _MAIN_PROG_0123   0x00045e    program     static ../../Documents/Microprocessors/LCDSubroutines.asm
          _MAIN_PROG_012C   0x000467    program     static ../../Documents/Microprocessors/LCDSubroutines.asm
          _MAIN_PROG_0135   0x000470    program     static ../../Documents/Microprocessors/LCDSubroutines.asm
          _MAIN_PROG_0141   0x00047c    program     static ../../Documents/Microprocessors/LCDSubroutines.asm
          _MAIN_PROG_014A   0x000485    program     static ../../Documents/Microprocessors/LCDSubroutines.asm
          _MAIN_PROG_0153   0x00048e    program     static ../../Documents/Microprocessors/LCDSubroutines.asm
          _MAIN_PROG_015C   0x000497    program     static ../../Documents/Microprocessors/LCDSubroutines.asm
          _MAIN_PROG_0321   0x00033a    program     static /home/sab/MPLABXProjects/final_project.X/final.asm
                 add_back   0x0002af    program     static /home/sab/MPLABXProjects/final_project.X/final.asm
                     col1   0x0000ba    program     static /home/sab/MPLABXProjects/final_project.X/final.asm
                     col2   0x0000c2    program     static /home/sab/MPLABXProjects/final_project.X/final.asm
                     col3   0x0000cb    program     static /home/sab/MPLABXProjects/final_project.X/final.asm
                   column   0x000072    program     static /home/sab/MPLABXProjects/final_project.X/final.asm
                      del   0x000096    program     static /home/sab/MPLABXProjects/final_project.X/final.asm
                     del1   0x00033f    program     static ../../Documents/Microprocessors/LCDSubroutines.asm
                     del2   0x000348    program     static ../../Documents/Microprocessors/LCDSubroutines.asm
                del_reset   0x00008f    program     static /home/sab/MPLABXProjects/final_project.X/final.asm
                    delay   0x000084    program     static /home/sab/MPLABXProjects/final_project.X/final.asm
                   delay5   0x00033b    program     static ../../Documents/Microprocessors/LCDSubroutines.asm
              delay_small   0x000323    program     static /home/sab/MPLABXProjects/final_project.X/final.asm
                   delayl   0x000344    program     static ../../Documents/Microprocessors/LCDSubroutines.asm
                     dell   0x000327    program     static /home/sab/MPLABXProjects/final_project.X/final.asm
                    dell2   0x000330    program     static /home/sab/MPLABXProjects/final_project.X/final.asm
                   dwrite   0x000389    program     extern ../../Documents/Microprocessors/LCDSubroutines.asm
                    enter   0x00019c    program     static /home/sab/MPLABXProjects/final_project.X/final.asm
                 hundreds   0x00026d    program     static /home/sab/MPLABXProjects/final_project.X/final.asm
                   iwrite   0x000351    program     extern ../../Documents/Microprocessors/LCDSubroutines.asm
             keypad_table   0x0002e9    program     static /home/sab/MPLABXProjects/final_project.X/final.asm
              large_delay   0x00032c    program     static /home/sab/MPLABXProjects/final_project.X/final.asm
                lcd_write   0x0001e4    program     static /home/sab/MPLABXProjects/final_project.X/final.asm
               lcd_write0   0x0001f0    program     static /home/sab/MPLABXProjects/final_project.X/final.asm
           lcd_write_left   0x0001f1    program     static /home/sab/MPLABXProjects/final_project.X/final.asm
          lcd_write_right   0x0001fd    program     static /home/sab/MPLABXProjects/final_project.X/final.asm
                     loop   0x00002c    program     static /home/sab/MPLABXProjects/final_project.X/final.asm
              move_cursor   0x0002df    program     static /home/sab/MPLABXProjects/final_project.X/final.asm
                 multiply   0x000229    program     static /home/sab/MPLABXProjects/final_project.X/final.asm
            multiply_loop   0x000234    program     static /home/sab/MPLABXProjects/final_project.X/final.asm
              number_high   0x000269    program     static /home/sab/MPLABXProjects/final_project.X/final.asm
                     ones   0x000299    program     static /home/sab/MPLABXProjects/final_project.X/final.asm
                   r_loop   0x0000db    program     static /home/sab/MPLABXProjects/final_project.X/final.asm
                      row   0x0000d4    program     static /home/sab/MPLABXProjects/final_project.X/final.asm
                     row1   0x0000f6    program     static /home/sab/MPLABXProjects/final_project.X/final.asm
                     row2   0x000110    program     static /home/sab/MPLABXProjects/final_project.X/final.asm
                     row3   0x00012b    program     static /home/sab/MPLABXProjects/final_project.X/final.asm
                     row4   0x000146    program     static /home/sab/MPLABXProjects/final_project.X/final.asm
                      rpm   0x00023e    program     static /home/sab/MPLABXProjects/final_project.X/final.asm
                rpm_write   0x0002b3    program     static /home/sab/MPLABXProjects/final_project.X/final.asm
                run_motor   0x0004cf    program     extern ../motor.X/motor_run.asm 
                     star   0x00016f    program     static /home/sab/MPLABXProjects/final_project.X/final.asm
                    start   0x000019    program     static /home/sab/MPLABXProjects/final_project.X/final.asm
                     tens   0x000283    program     static /home/sab/MPLABXProjects/final_project.X/final.asm
                 total_up   0x000215    program     static /home/sab/MPLABXProjects/final_project.X/final.asm
                    wait1   0x0001c1    program     static /home/sab/MPLABXProjects/final_project.X/final.asm
                    wait2   0x0001c6    program     static /home/sab/MPLABXProjects/final_project.X/final.asm
                    wait3   0x0001cb    program     static /home/sab/MPLABXProjects/final_project.X/final.asm
                    wait4   0x0001d0    program     static /home/sab/MPLABXProjects/final_project.X/final.asm
                    wait5   0x0001d5    program     static /home/sab/MPLABXProjects/final_project.X/final.asm
                    wait6   0x0001da    program     static /home/sab/MPLABXProjects/final_project.X/final.asm
                    wait7   0x0001df    program     static /home/sab/MPLABXProjects/final_project.X/final.asm
               zero_write   0x0001b6    program     static /home/sab/MPLABXProjects/final_project.X/final.asm
                add_value   0x00002e       data     static /home/sab/MPLABXProjects/final_project.X/final.asm
                 col_flag   0x000021       data     static /home/sab/MPLABXProjects/final_project.X/final.asm
                    count   0x000038       data     static /home/sab/MPLABXProjects/final_project.X/final.asm
                   d_flag   0x000034       data     static /home/sab/MPLABXProjects/final_project.X/final.asm
                  decimal   0x000074       data     static /home/sab/MPLABXProjects/final_project.X/final.asm
                 delcntr1   0x000035       data     static ../../Documents/Microprocessors/LCDSubroutines.asm
                 delcntr1   0x00002f       data     static /home/sab/MPLABXProjects/final_project.X/final.asm
                 delcntr2   0x000036       data     static ../../Documents/Microprocessors/LCDSubroutines.asm
                 delcntr2   0x000030       data     static /home/sab/MPLABXProjects/final_project.X/final.asm
                     flag   0x000038       data     static /home/sab/MPLABXProjects/final_project.X/final.asm
                 h_number   0x000031       data     static /home/sab/MPLABXProjects/final_project.X/final.asm
           hundreds_place   0x000075       data     static /home/sab/MPLABXProjects/final_project.X/final.asm
              intcon_temp   0x000037       data     static ../../Documents/Microprocessors/LCDSubroutines.asm
               left_value   0x00002a       data     static /home/sab/MPLABXProjects/final_project.X/final.asm
      left_value_multiply   0x00002d       data     static /home/sab/MPLABXProjects/final_project.X/final.asm
         multiply_counter   0x00002c       data     static /home/sab/MPLABXProjects/final_project.X/final.asm
                   number   0x000032       data     static /home/sab/MPLABXProjects/final_project.X/final.asm
              number_hold   0x000026       data     static /home/sab/MPLABXProjects/final_project.X/final.asm
               ones_place   0x000077       data     static /home/sab/MPLABXProjects/final_project.X/final.asm
          past_left_value   0x00002b       data     static /home/sab/MPLABXProjects/final_project.X/final.asm
         past_right_value   0x000029       data     static /home/sab/MPLABXProjects/final_project.X/final.asm
              pclath_temp   0x000072       data     static /home/sab/MPLABXProjects/final_project.X/final.asm
                pos_count   0x000027       data     static /home/sab/MPLABXProjects/final_project.X/final.asm
              right_value   0x000028       data     static /home/sab/MPLABXProjects/final_project.X/final.asm
                 row_flag   0x000022       data     static /home/sab/MPLABXProjects/final_project.X/final.asm
             special_flag   0x000023       data     static /home/sab/MPLABXProjects/final_project.X/final.asm
            special_press   0x000024       data     static /home/sab/MPLABXProjects/final_project.X/final.asm
              status_temp   0x000071       data     static /home/sab/MPLABXProjects/final_project.X/final.asm
                t_counter   0x000033       data     static /home/sab/MPLABXProjects/final_project.X/final.asm
               temp_count   0x000025       data     static /home/sab/MPLABXProjects/final_project.X/final.asm
                  temp_wr   0x000078       data     extern ../../Documents/Microprocessors/LCDSubroutines.asm
               tens_place   0x000076       data     static /home/sab/MPLABXProjects/final_project.X/final.asm
              total_value   0x000073       data     extern /home/sab/MPLABXProjects/final_project.X/final.asm
                 val_temp   0x000020       data     static /home/sab/MPLABXProjects/final_project.X/final.asm
                   w_temp   0x000070       data     static /home/sab/MPLABXProjects/final_project.X/final.asm



                              Symbols - Sorted by Address
                     Name    Address   Location    Storage File                     
                ---------  ---------  ---------  --------- ---------                
                INTERRUPT   0x000004    program     static /home/sab/MPLABXProjects/final_project.X/final.asm
                    start   0x000019    program     static /home/sab/MPLABXProjects/final_project.X/final.asm
                     loop   0x00002c    program     static /home/sab/MPLABXProjects/final_project.X/final.asm
                 ExitLoop   0x000047    program     static /home/sab/MPLABXProjects/final_project.X/final.asm
                   column   0x000072    program     static /home/sab/MPLABXProjects/final_project.X/final.asm
                    delay   0x000084    program     static /home/sab/MPLABXProjects/final_project.X/final.asm
                del_reset   0x00008f    program     static /home/sab/MPLABXProjects/final_project.X/final.asm
                      del   0x000096    program     static /home/sab/MPLABXProjects/final_project.X/final.asm
                     col1   0x0000ba    program     static /home/sab/MPLABXProjects/final_project.X/final.asm
                     col2   0x0000c2    program     static /home/sab/MPLABXProjects/final_project.X/final.asm
                     col3   0x0000cb    program     static /home/sab/MPLABXProjects/final_project.X/final.asm
                      row   0x0000d4    program     static /home/sab/MPLABXProjects/final_project.X/final.asm
                   r_loop   0x0000db    program     static /home/sab/MPLABXProjects/final_project.X/final.asm
                     row1   0x0000f6    program     static /home/sab/MPLABXProjects/final_project.X/final.asm
                     row2   0x000110    program     static /home/sab/MPLABXProjects/final_project.X/final.asm
                     row3   0x00012b    program     static /home/sab/MPLABXProjects/final_project.X/final.asm
                     row4   0x000146    program     static /home/sab/MPLABXProjects/final_project.X/final.asm
                     star   0x00016f    program     static /home/sab/MPLABXProjects/final_project.X/final.asm
                    enter   0x00019c    program     static /home/sab/MPLABXProjects/final_project.X/final.asm
               zero_write   0x0001b6    program     static /home/sab/MPLABXProjects/final_project.X/final.asm
                    wait1   0x0001c1    program     static /home/sab/MPLABXProjects/final_project.X/final.asm
                    wait2   0x0001c6    program     static /home/sab/MPLABXProjects/final_project.X/final.asm
                    wait3   0x0001cb    program     static /home/sab/MPLABXProjects/final_project.X/final.asm
                    wait4   0x0001d0    program     static /home/sab/MPLABXProjects/final_project.X/final.asm
                    wait5   0x0001d5    program     static /home/sab/MPLABXProjects/final_project.X/final.asm
                    wait6   0x0001da    program     static /home/sab/MPLABXProjects/final_project.X/final.asm
                    wait7   0x0001df    program     static /home/sab/MPLABXProjects/final_project.X/final.asm
                lcd_write   0x0001e4    program     static /home/sab/MPLABXProjects/final_project.X/final.asm
               lcd_write0   0x0001f0    program     static /home/sab/MPLABXProjects/final_project.X/final.asm
           lcd_write_left   0x0001f1    program     static /home/sab/MPLABXProjects/final_project.X/final.asm
          lcd_write_right   0x0001fd    program     static /home/sab/MPLABXProjects/final_project.X/final.asm
                 total_up   0x000215    program     static /home/sab/MPLABXProjects/final_project.X/final.asm
                 multiply   0x000229    program     static /home/sab/MPLABXProjects/final_project.X/final.asm
            multiply_loop   0x000234    program     static /home/sab/MPLABXProjects/final_project.X/final.asm
                      rpm   0x00023e    program     static /home/sab/MPLABXProjects/final_project.X/final.asm
              number_high   0x000269    program     static /home/sab/MPLABXProjects/final_project.X/final.asm
                 hundreds   0x00026d    program     static /home/sab/MPLABXProjects/final_project.X/final.asm
                     tens   0x000283    program     static /home/sab/MPLABXProjects/final_project.X/final.asm
                     ones   0x000299    program     static /home/sab/MPLABXProjects/final_project.X/final.asm
                 add_back   0x0002af    program     static /home/sab/MPLABXProjects/final_project.X/final.asm
                rpm_write   0x0002b3    program     static /home/sab/MPLABXProjects/final_project.X/final.asm
              move_cursor   0x0002df    program     static /home/sab/MPLABXProjects/final_project.X/final.asm
             keypad_table   0x0002e9    program     static /home/sab/MPLABXProjects/final_project.X/final.asm
                Key_Table   0x0002f3    program     static /home/sab/MPLABXProjects/final_project.X/final.asm
               Msg_Lookup   0x0002ff    program     static /home/sab/MPLABXProjects/final_project.X/final.asm
                Msg_Table   0x000309    program     static /home/sab/MPLABXProjects/final_project.X/final.asm
              delay_small   0x000323    program     static /home/sab/MPLABXProjects/final_project.X/final.asm
                     dell   0x000327    program     static /home/sab/MPLABXProjects/final_project.X/final.asm
              large_delay   0x00032c    program     static /home/sab/MPLABXProjects/final_project.X/final.asm
                    dell2   0x000330    program     static /home/sab/MPLABXProjects/final_project.X/final.asm
          _MAIN_PROG_0321   0x00033a    program     static /home/sab/MPLABXProjects/final_project.X/final.asm
                   delay5   0x00033b    program     static ../../Documents/Microprocessors/LCDSubroutines.asm
                     del1   0x00033f    program     static ../../Documents/Microprocessors/LCDSubroutines.asm
                   delayl   0x000344    program     static ../../Documents/Microprocessors/LCDSubroutines.asm
                     del2   0x000348    program     static ../../Documents/Microprocessors/LCDSubroutines.asm
                   iwrite   0x000351    program     extern ../../Documents/Microprocessors/LCDSubroutines.asm
          _MAIN_PROG_0022   0x00035d    program     static ../../Documents/Microprocessors/LCDSubroutines.asm
          _MAIN_PROG_002B   0x000366    program     static ../../Documents/Microprocessors/LCDSubroutines.asm
          _MAIN_PROG_0034   0x00036f    program     static ../../Documents/Microprocessors/LCDSubroutines.asm
          _MAIN_PROG_003D   0x000378    program     static ../../Documents/Microprocessors/LCDSubroutines.asm
          _MAIN_PROG_0046   0x000381    program     static ../../Documents/Microprocessors/LCDSubroutines.asm
                   dwrite   0x000389    program     extern ../../Documents/Microprocessors/LCDSubroutines.asm
          _MAIN_PROG_005A   0x000395    program     static ../../Documents/Microprocessors/LCDSubroutines.asm
          _MAIN_PROG_0063   0x00039e    program     static ../../Documents/Microprocessors/LCDSubroutines.asm
          _MAIN_PROG_006C   0x0003a7    program     static ../../Documents/Microprocessors/LCDSubroutines.asm
          _MAIN_PROG_0075   0x0003b0    program     static ../../Documents/Microprocessors/LCDSubroutines.asm
          _MAIN_PROG_007E   0x0003b9    program     static ../../Documents/Microprocessors/LCDSubroutines.asm
                LCDLine_1   0x0003c1    program     extern ../../Documents/Microprocessors/LCDSubroutines.asm
                LCDLine_2   0x0003ca    program     extern ../../Documents/Microprocessors/LCDSubroutines.asm
                  LCDInit   0x0003d3    program     extern ../../Documents/Microprocessors/LCDSubroutines.asm
          _MAIN_PROG_00C6   0x000401    program     static ../../Documents/Microprocessors/LCDSubroutines.asm
          _MAIN_PROG_00CF   0x00040a    program     static ../../Documents/Microprocessors/LCDSubroutines.asm
          _MAIN_PROG_00D8   0x000413    program     static ../../Documents/Microprocessors/LCDSubroutines.asm
          _MAIN_PROG_00E1   0x00041c    program     static ../../Documents/Microprocessors/LCDSubroutines.asm
          _MAIN_PROG_00EA   0x000425    program     static ../../Documents/Microprocessors/LCDSubroutines.asm
          _MAIN_PROG_00F3   0x00042e    program     static ../../Documents/Microprocessors/LCDSubroutines.asm
          _MAIN_PROG_00FC   0x000437    program     static ../../Documents/Microprocessors/LCDSubroutines.asm
          _MAIN_PROG_0105   0x000440    program     static ../../Documents/Microprocessors/LCDSubroutines.asm
          _MAIN_PROG_0111   0x00044c    program     static ../../Documents/Microprocessors/LCDSubroutines.asm
          _MAIN_PROG_011A   0x000455    program     static ../../Documents/Microprocessors/LCDSubroutines.asm
          _MAIN_PROG_0123   0x00045e    program     static ../../Documents/Microprocessors/LCDSubroutines.asm
          _MAIN_PROG_012C   0x000467    program     static ../../Documents/Microprocessors/LCDSubroutines.asm
          _MAIN_PROG_0135   0x000470    program     static ../../Documents/Microprocessors/LCDSubroutines.asm
          _MAIN_PROG_0141   0x00047c    program     static ../../Documents/Microprocessors/LCDSubroutines.asm
          _MAIN_PROG_014A   0x000485    program     static ../../Documents/Microprocessors/LCDSubroutines.asm
          _MAIN_PROG_0153   0x00048e    program     static ../../Documents/Microprocessors/LCDSubroutines.asm
          _MAIN_PROG_015C   0x000497    program     static ../../Documents/Microprocessors/LCDSubroutines.asm
                run_motor   0x0004cf    program     extern ../motor.X/motor_run.asm 
                 val_temp   0x000020       data     static /home/sab/MPLABXProjects/final_project.X/final.asm
                 col_flag   0x000021       data     static /home/sab/MPLABXProjects/final_project.X/final.asm
                 row_flag   0x000022       data     static /home/sab/MPLABXProjects/final_project.X/final.asm
             special_flag   0x000023       data     static /home/sab/MPLABXProjects/final_project.X/final.asm
            special_press   0x000024       data     static /home/sab/MPLABXProjects/final_project.X/final.asm
               temp_count   0x000025       data     static /home/sab/MPLABXProjects/final_project.X/final.asm
              number_hold   0x000026       data     static /home/sab/MPLABXProjects/final_project.X/final.asm
                pos_count   0x000027       data     static /home/sab/MPLABXProjects/final_project.X/final.asm
              right_value   0x000028       data     static /home/sab/MPLABXProjects/final_project.X/final.asm
         past_right_value   0x000029       data     static /home/sab/MPLABXProjects/final_project.X/final.asm
               left_value   0x00002a       data     static /home/sab/MPLABXProjects/final_project.X/final.asm
          past_left_value   0x00002b       data     static /home/sab/MPLABXProjects/final_project.X/final.asm
         multiply_counter   0x00002c       data     static /home/sab/MPLABXProjects/final_project.X/final.asm
      left_value_multiply   0x00002d       data     static /home/sab/MPLABXProjects/final_project.X/final.asm
                add_value   0x00002e       data     static /home/sab/MPLABXProjects/final_project.X/final.asm
                 delcntr1   0x00002f       data     static /home/sab/MPLABXProjects/final_project.X/final.asm
                 delcntr2   0x000030       data     static /home/sab/MPLABXProjects/final_project.X/final.asm
                 h_number   0x000031       data     static /home/sab/MPLABXProjects/final_project.X/final.asm
                   number   0x000032       data     static /home/sab/MPLABXProjects/final_project.X/final.asm
                t_counter   0x000033       data     static /home/sab/MPLABXProjects/final_project.X/final.asm
                   d_flag   0x000034       data     static /home/sab/MPLABXProjects/final_project.X/final.asm
                 delcntr1   0x000035       data     static ../../Documents/Microprocessors/LCDSubroutines.asm
                 delcntr2   0x000036       data     static ../../Documents/Microprocessors/LCDSubroutines.asm
              intcon_temp   0x000037       data     static ../../Documents/Microprocessors/LCDSubroutines.asm
                     flag   0x000038       data     static /home/sab/MPLABXProjects/final_project.X/final.asm
                    count   0x000038       data     static /home/sab/MPLABXProjects/final_project.X/final.asm
                   w_temp   0x000070       data     static /home/sab/MPLABXProjects/final_project.X/final.asm
              status_temp   0x000071       data     static /home/sab/MPLABXProjects/final_project.X/final.asm
              pclath_temp   0x000072       data     static /home/sab/MPLABXProjects/final_project.X/final.asm
              total_value   0x000073       data     extern /home/sab/MPLABXProjects/final_project.X/final.asm
                  decimal   0x000074       data     static /home/sab/MPLABXProjects/final_project.X/final.asm
           hundreds_place   0x000075       data     static /home/sab/MPLABXProjects/final_project.X/final.asm
               tens_place   0x000076       data     static /home/sab/MPLABXProjects/final_project.X/final.asm
               ones_place   0x000077       data     static /home/sab/MPLABXProjects/final_project.X/final.asm
                  temp_wr   0x000078       data     extern ../../Documents/Microprocessors/LCDSubroutines.asm


